
==================================================
  [RUNNING]: Incremental Market Data Sync
==================================================
Parallel Market Sync starting across 207 tickers...
Uploading 3,285 bars to BigQuery in 1 bulk job...
[SUCCESS] Appended 3,285 total bars in 25.94s!

==================================================
  [RUNNING]: dbt Transformation Suite
==================================================
/home/skybullet1987/quant_pipeline/venv/lib/python3.14/site-packages/sqlglot/tokens.py:21: UserWarning: sqlglot[rs] is deprecated and no longer compatible with sqlglot. Please use sqlglotc instead for faster parsing: pip install sqlglot[c]
  warnings.warn(
[0m01:00:44  Running with dbt=1.12.0
[0m01:00:46  Registered adapter: bigquery=1.12.0
[0m01:00:47  Found 7 models, 3 sources, 561 macros
[0m01:00:47  
[0m01:00:47  Concurrency: 4 threads (target='prod')
[0m01:00:47  
[0m01:00:48  1 of 7 START sql table model market_data.fct_4h_features_tbm ................... [RUN]
[0m01:00:48  4 of 7 START sql view model market_data.stg_ohlcv .............................. [RUN]
[0m01:00:48  2 of 7 START sql table model market_data.fct_timesfm_features .................. [RUN]
[0m01:00:48  3 of 7 START sql view model market_data.stg_densified_ohlcv .................... [RUN]
[0m01:00:49  3 of 7 OK created sql view model market_data.stg_densified_ohlcv ............... [[32mCREATE VIEW (0 processed)[0m in 1.39s]
[0m01:00:49  4 of 7 OK created sql view model market_data.stg_ohlcv ......................... [[32mCREATE VIEW (0 processed)[0m in 1.40s]
[0m01:00:49  5 of 7 START sql view model market_data.fct_liquidation_features ............... [RUN]
[0m01:00:49  6 of 7 START sql view model market_data.stg_1m_cleaned ......................... [RUN]
[0m01:00:50  BigQuery adapter: https://console.cloud.google.com/bigquery?project=parnasa-498503&j=bq:EU:d0d98126-b508-4a34-865b-4abf27324a2b&page=queryresults
[0m01:00:50  1 of 7 ERROR creating sql table model market_data.fct_4h_features_tbm .......... [[31mERROR[0m in 1.73s]
[0m01:00:50  6 of 7 OK created sql view model market_data.stg_1m_cleaned .................... [[32mCREATE VIEW (0 processed)[0m in 1.16s]
[0m01:00:50  7 of 7 SKIP relation market_data.fct_exact_path_resolution ..................... [[33mSKIP[0m]
[0m01:00:51  5 of 7 OK created sql view model market_data.fct_liquidation_features .......... [[32mCREATE VIEW (0 processed)[0m in 1.25s]
[0m01:00:52  2 of 7 OK created sql table model market_data.fct_timesfm_features ............. [[32mCREATE TABLE (25.4k rows, 1012.6 KiB processed)[0m in 4.48s]
[0m01:00:52  
[0m01:00:52  Finished running 3 table models, 4 view models in 0 hours 0 minutes and 5.41 seconds (5.41s).
[0m01:00:53  
[0m01:00:53  [31mCompleted with 1 error, 0 partial successes, and 0 warnings:[0m
[0m01:00:53  
[0m01:00:53  [[31mERROR[0m]: in model fct_4h_features_tbm (models/fct_4h_features_tbm.sql)
[0m01:00:53    Database Error in model fct_4h_features_tbm (models/fct_4h_features_tbm.sql)
  Quota exceeded: Your table exceeded quota for Number of partition modifications to a column partitioned table. For more information, see https://cloud.google.com/bigquery/docs/troubleshoot-quotas
  compiled code at target/run/crypto_features/models/fct_4h_features_tbm.sql
[0m01:00:53  
[0m01:00:53    compiled code at target/compiled/crypto_features/models/fct_4h_features_tbm.sql
[0m01:00:53  
[0m01:00:53  Done. PASS=5 WARN=0 ERROR=1 SKIP=1 NO-OP=0 REUSED=0 TOTAL=7

[CRITICAL ERROR] Pipeline failed: Step 'dbt Transformation Suite' failed.
