[32m2026-08-11 01:00:11 +0000[0m - dagster - [34mDEBUG[0m - daily_ingestion_job - 0d65eb84-f276-48ae-921c-88eff58be472 - 265439 - LOGS_CAPTURED - Capturing logs for process (pid: 265439).
[32m2026-08-11 01:00:11 +0000[0m - dagster - [34mDEBUG[0m - daily_ingestion_job - 0d65eb84-f276-48ae-921c-88eff58be472 - 265439 - daily_incremental_ingest - STEP_START - Started execution of step "daily_incremental_ingest".
[32m2026-08-11 01:00:54 +0000[0m - dagster - [34mERROR[0m - [31mdaily_ingestion_job - 0d65eb84-f276-48ae-921c-88eff58be472 - 265439 - daily_incremental_ingest - STEP_FAILURE - Execution of step "daily_incremental_ingest" failed.

dagster._core.errors.DagsterExecutionStepExecutionError: Error occurred while executing op "daily_incremental_ingest"::

subprocess.CalledProcessError: Command '['python3', 'daily_incremental_ingest.py']' returned non-zero exit status 1.

Stack Trace:
  File "/home/skybullet1987/quant_pipeline/venv/lib/python3.14/site-packages/dagster/_core/execution/plan/utils.py", line 57, in op_execution_error_boundary
    yield
  File "/home/skybullet1987/quant_pipeline/venv/lib/python3.14/site-packages/dagster/_utils/__init__.py", line 394, in iterate_with_context
    next_output = next(iterator)
  File "/home/skybullet1987/quant_pipeline/venv/lib/python3.14/site-packages/dagster/_core/execution/plan/compute_generator.py", line 136, in _coerce_op_compute_fn_to_iterator
    result = invoke_compute_fn(
        fn, context, kwargs, context_arg_provided, config_arg_class, resource_arg_mapping
    )
  File "/home/skybullet1987/quant_pipeline/venv/lib/python3.14/site-packages/dagster/_core/execution/plan/compute_generator.py", line 116, in invoke_compute_fn
    return fn(context, **args_to_pass) if context_arg_provided else fn(**args_to_pass)
                                                                    ~~^^^^^^^^^^^^^^^^
  File "/home/skybullet1987/quant_pipeline/dagster_pipeline.py", line 57, in daily_incremental_ingest
    subprocess.run(["python3", "daily_incremental_ingest.py"], check=True)
    ~~~~~~~~~~~~~~^^^^^^^^^^^^^^^^^^^^^^^^^^^^^^^^^^^^^^^^^^^^^^^^^^^^^^^^
  File "/usr/lib/python3.14/subprocess.py", line 578, in run
    raise CalledProcessError(retcode, process.args,
                             output=stdout, stderr=stderr)
[0m
