[0m00:17:11  Running with dbt=1.12.0
[0m00:17:13  Registered adapter: bigquery=1.12.0
[0m00:17:14  Found 7 models, 3 sources, 561 macros
[0m00:17:14  
[0m00:17:14  Concurrency: 4 threads (target='prod')
[0m00:17:14  
[0m00:17:15  1 of 6 START sql table model market_data.fct_4h_features_tbm ................... [RUN]
[0m00:17:15  3 of 6 START sql view model market_data.stg_densified_ohlcv .................... [RUN]
[0m00:17:15  4 of 6 START sql view model market_data.stg_ohlcv .............................. [RUN]
[0m00:17:15  2 of 6 START sql table model market_data.fct_timesfm_features .................. [RUN]
[0m00:17:16  4 of 6 OK created sql view model market_data.stg_ohlcv ......................... [[32mCREATE VIEW (0 processed)[0m in 1.57s]
[0m00:17:16  3 of 6 OK created sql view model market_data.stg_densified_ohlcv ............... [[32mCREATE VIEW (0 processed)[0m in 1.58s]
[0m00:17:16  6 of 6 START sql view model market_data.stg_1m_cleaned ......................... [RUN]
[0m00:17:16  5 of 6 START sql view model market_data.fct_liquidation_features ............... [RUN]
[0m00:17:17  5 of 6 OK created sql view model market_data.fct_liquidation_features .......... [[32mCREATE VIEW (0 processed)[0m in 1.10s]
[0m00:17:18  6 of 6 OK created sql view model market_data.stg_1m_cleaned .................... [[32mCREATE VIEW (0 processed)[0m in 1.28s]
[0m00:17:18  2 of 6 OK created sql table model market_data.fct_timesfm_features ............. [[32mCREATE TABLE (20.5k rows, 814.7 KiB processed)[0m in 3.63s]
[0m00:17:59  1 of 6 OK created sql table model market_data.fct_4h_features_tbm .............. [[32mCREATE TABLE (620.3k rows, 132.2 MiB processed)[0m in 43.92s]
[0m00:17:59  
[0m00:17:59  Finished running 2 table models, 4 view models in 0 hours 0 minutes and 44.87 seconds (44.87s).
[0m00:17:59  
[0m00:17:59  [32mCompleted successfully[0m
[0m00:17:59  
[0m00:17:59  Done. PASS=6 WARN=0 ERROR=0 SKIP=0 NO-OP=0 REUSED=0 TOTAL=6
