[32m2026-08-11 01:03:20 +0000[0m - dagster - [34mDEBUG[0m - trading_pipeline_job - ffeac763-bdd8-421f-aa96-073c9bedad28 - 269066 - LOGS_CAPTURED - Capturing logs for process (pid: 269066).
[32m2026-08-11 01:03:20 +0000[0m - dagster - [34mDEBUG[0m - trading_pipeline_job - ffeac763-bdd8-421f-aa96-073c9bedad28 - 269066 - hyperliquid_execution - STEP_START - Started execution of step "hyperliquid_execution".
2026-08-11 01:03:21,840 [INFO] [HYPERLIQUID] Executing Decoupled Alpha/Execution Scan Cycle with Basis Telemetry...
2026-08-11 01:03:23,881 [INFO] [HYPERLIQUID] Agent Wallet: 0xA426209CFb39A3040aE9316d25f5875584236955
2026-08-11 01:03:23,881 [INFO] [HYPERLIQUID] Master Account (Equity/Positions): 0x9703B71686219D34869e8FB89a93263f9e0d50A5
2026-08-11 01:03:23,881 [INFO] [HYPERLIQUID] Target Endpoint: TESTNET (https://api.hyperliquid-testnet.xyz)
2026-08-11 01:03:26,056 [INFO] [HYPERLIQUID] Loaded metadata for 210 Hyperliquid assets.
2026-08-11 01:03:27,263 [INFO] [HYPERLIQUID] Equity: $936.63 | Open Positions: 0 | DD Multiplier: 1.0x
2026-08-11 01:03:27,507 [INFO] [HYPERLIQUID] [GARBAGE COLLECTOR] No resting orders found on exchange.
2026-08-11 01:04:31,414 [INFO] [HYPERLIQUID] Placing Order: [SELL] CHZ | Sz: 3690.0 ($164.39) @ $0.0152
2026-08-11 01:04:32,343 [ERROR] [HYPERLIQUID] Hyperliquid Order Rejected for CHZ: Trading is halted.
2026-08-11 01:04:33,311 [WARNING] [HYPERLIQUID] Coin 'XTZ' not supported on Hyperliquid. Skipping order.
2026-08-11 01:04:33,794 [WARNING] [HYPERLIQUID] Coin 'BAND' not supported on Hyperliquid. Skipping order.
2026-08-11 01:04:34,279 [WARNING] [HYPERLIQUID] Coin '1INCH' not supported on Hyperliquid. Skipping order.
2026-08-11 01:04:34,774 [WARNING] [HYPERLIQUID] Coin 'NMR' not supported on Hyperliquid. Skipping order.
2026-08-11 01:04:35,255 [WARNING] [HYPERLIQUID] Coin 'ICX' not supported on Hyperliquid. Skipping order.
2026-08-11 01:04:35,257 [INFO] [HYPERLIQUID] Pass completed cleanly. Trades submitted: 0
[32m2026-08-11 01:04:36 +0000[0m - dagster - [34mDEBUG[0m - trading_pipeline_job - ffeac763-bdd8-421f-aa96-073c9bedad28 - 269066 - hyperliquid_execution - STEP_OUTPUT - Yielded output "result" of type "Any". (Type check passed).
[32m2026-08-11 01:04:36 +0000[0m - dagster - [34mDEBUG[0m - trading_pipeline_job - ffeac763-bdd8-421f-aa96-073c9bedad28 - hyperliquid_execution - Writing file at: /home/skybullet1987/quant_pipeline/.tmp_dagster_home_3qy_b1ks/storage/hyperliquid_execution using PickledObjectFilesystemIOManager...
[32m2026-08-11 01:04:36 +0000[0m - dagster - [34mDEBUG[0m - trading_pipeline_job - ffeac763-bdd8-421f-aa96-073c9bedad28 - 269066 - hyperliquid_execution - ASSET_MATERIALIZATION - Materialized value hyperliquid_execution.
[32m2026-08-11 01:04:36 +0000[0m - dagster - [34mDEBUG[0m - trading_pipeline_job - ffeac763-bdd8-421f-aa96-073c9bedad28 - 269066 - hyperliquid_execution - HANDLED_OUTPUT - Handled output "result" using IO manager "io_manager"
[32m2026-08-11 01:04:36 +0000[0m - dagster - [34mDEBUG[0m - trading_pipeline_job - ffeac763-bdd8-421f-aa96-073c9bedad28 - 269066 - hyperliquid_execution - STEP_SUCCESS - Finished execution of step "hyperliquid_execution" in 1m15s.
