[32m2026-08-10 23:47:41 +0000[0m - dagster - [34mDEBUG[0m - trading_pipeline_job - dcf0f028-05f0-49c3-b79d-77f119b7096c - 193677 - LOGS_CAPTURED - Capturing logs for process (pid: 193677).
[32m2026-08-10 23:47:41 +0000[0m - dagster - [34mDEBUG[0m - trading_pipeline_job - dcf0f028-05f0-49c3-b79d-77f119b7096c - 193677 - hyperliquid_execution - STEP_START - Started execution of step "hyperliquid_execution".
2026-08-10 23:47:43,439 [INFO] [HYPERLIQUID] Executing Decoupled Alpha/Execution Scan Cycle with Basis Telemetry...
2026-08-10 23:47:45,806 [INFO] [HYPERLIQUID] Agent Wallet: 0xA426209CFb39A3040aE9316d25f5875584236955
2026-08-10 23:47:45,806 [INFO] [HYPERLIQUID] Master Account (Equity/Positions): 0x9703B71686219D34869e8FB89a93263f9e0d50A5
2026-08-10 23:47:45,806 [INFO] [HYPERLIQUID] Target Endpoint: TESTNET (https://api.hyperliquid-testnet.xyz)
2026-08-10 23:47:47,979 [INFO] [HYPERLIQUID] Loaded metadata for 210 Hyperliquid assets.
2026-08-10 23:47:49,188 [INFO] [HYPERLIQUID] Equity: $936.63 | Open Positions: 0 | DD Multiplier: 1.0x
2026-08-10 23:47:49,428 [INFO] [HYPERLIQUID] [GARBAGE COLLECTOR] No resting orders found on exchange.
2026-08-10 23:48:34,864 [WARNING] [HYPERLIQUID] Coin 'NMR' not supported on Hyperliquid. Skipping order.
2026-08-10 23:48:37,108 [INFO] [HYPERLIQUID] Placing Order: [SELL] SOL | Sz: 3.32 ($251.72) @ $76.0730
2026-08-10 23:48:39,988 [ERROR] [HYPERLIQUID] Exception submitting order to Hyperliquid: attribute name must be string, not 'float'
2026-08-10 23:48:40,713 [WARNING] [HYPERLIQUID] Coin 'ICX' not supported on Hyperliquid. Skipping order.
2026-08-10 23:48:42,113 [INFO] [HYPERLIQUID] Placing Order: [SELL] CHZ | Sz: 3690.0 ($164.39) @ $0.0152
2026-08-10 23:48:43,058 [ERROR] [HYPERLIQUID] Hyperliquid Order Rejected for CHZ: Trading is halted.
2026-08-10 23:48:43,303 [INFO] [HYPERLIQUID] Pass completed cleanly. Trades submitted: 0
[32m2026-08-10 23:48:44 +0000[0m - dagster - [34mDEBUG[0m - trading_pipeline_job - dcf0f028-05f0-49c3-b79d-77f119b7096c - 193677 - hyperliquid_execution - STEP_OUTPUT - Yielded output "result" of type "Any". (Type check passed).
[32m2026-08-10 23:48:44 +0000[0m - dagster - [34mDEBUG[0m - trading_pipeline_job - dcf0f028-05f0-49c3-b79d-77f119b7096c - hyperliquid_execution - Writing file at: /home/skybullet1987/quant_pipeline/.tmp_dagster_home_tyqw9kf9/storage/hyperliquid_execution using PickledObjectFilesystemIOManager...
[32m2026-08-10 23:48:44 +0000[0m - dagster - [34mDEBUG[0m - trading_pipeline_job - dcf0f028-05f0-49c3-b79d-77f119b7096c - 193677 - hyperliquid_execution - ASSET_MATERIALIZATION - Materialized value hyperliquid_execution.
[32m2026-08-10 23:48:44 +0000[0m - dagster - [34mDEBUG[0m - trading_pipeline_job - dcf0f028-05f0-49c3-b79d-77f119b7096c - 193677 - hyperliquid_execution - HANDLED_OUTPUT - Handled output "result" using IO manager "io_manager"
[32m2026-08-10 23:48:44 +0000[0m - dagster - [34mDEBUG[0m - trading_pipeline_job - dcf0f028-05f0-49c3-b79d-77f119b7096c - 193677 - hyperliquid_execution - STEP_SUCCESS - Finished execution of step "hyperliquid_execution" in 1m2s.
