[0m00:02:20  Running with dbt=1.12.0
[0m00:02:22  Registered adapter: bigquery=1.12.0
[0m00:02:22  Found 7 models, 3 sources, 561 macros
[0m00:02:22  
[0m00:02:22  Concurrency: 4 threads (target='prod')
[0m00:02:22  
[0m00:02:23  1 of 6 START sql table model market_data.fct_4h_features_tbm ................... [RUN]
[0m00:02:23  3 of 6 START sql view model market_data.stg_densified_ohlcv .................... [RUN]
[0m00:02:23  4 of 6 START sql view model market_data.stg_ohlcv .............................. [RUN]
[0m00:02:23  2 of 6 START sql table model market_data.fct_timesfm_features .................. [RUN]
[0m00:02:25  3 of 6 OK created sql view model market_data.stg_densified_ohlcv ............... [[32mCREATE VIEW (0 processed)[0m in 1.32s]
[0m00:02:25  4 of 6 OK created sql view model market_data.stg_ohlcv ......................... [[32mCREATE VIEW (0 processed)[0m in 1.33s]
[0m00:02:25  5 of 6 START sql view model market_data.fct_liquidation_features ............... [RUN]
[0m00:02:25  6 of 6 START sql view model market_data.stg_1m_cleaned ......................... [RUN]
[0m00:02:26  6 of 6 OK created sql view model market_data.stg_1m_cleaned .................... [[32mCREATE VIEW (0 processed)[0m in 1.18s]
[0m00:02:26  5 of 6 OK created sql view model market_data.fct_liquidation_features .......... [[32mCREATE VIEW (0 processed)[0m in 1.19s]
[0m00:02:27  2 of 6 OK created sql table model market_data.fct_timesfm_features ............. [[32mCREATE TABLE (18.0k rows, 715.8 KiB processed)[0m in 4.23s]
[0m00:03:03  1 of 6 OK created sql table model market_data.fct_4h_features_tbm .............. [[32mCREATE TABLE (620.3k rows, 132.1 MiB processed)[0m in 40.25s]
[0m00:03:04  
[0m00:03:04  Finished running 2 table models, 4 view models in 0 hours 0 minutes and 41.21 seconds (41.21s).
[0m00:03:04  
[0m00:03:04  [32mCompleted successfully[0m
[0m00:03:04  
[0m00:03:04  Done. PASS=6 WARN=0 ERROR=0 SKIP=0 NO-OP=0 REUSED=0 TOTAL=6
