[0m01:32:02  Running with dbt=1.12.0
[0m01:32:04  Registered adapter: bigquery=1.12.0
[0m01:32:05  Found 7 models, 3 sources, 561 macros
[0m01:32:05  
[0m01:32:05  Concurrency: 4 threads (target='prod')
[0m01:32:05  
[0m01:32:06  4 of 6 START sql view model market_data.stg_ohlcv .............................. [RUN]
[0m01:32:06  1 of 6 START sql table model market_data.fct_4h_features_tbm ................... [RUN]
[0m01:32:06  2 of 6 START sql table model market_data.fct_timesfm_features .................. [RUN]
[0m01:32:06  3 of 6 START sql view model market_data.stg_densified_ohlcv .................... [RUN]
[0m01:32:07  4 of 6 OK created sql view model market_data.stg_ohlcv ......................... [[32mCREATE VIEW (0 processed)[0m in 1.28s]
[0m01:32:07  3 of 6 OK created sql view model market_data.stg_densified_ohlcv ............... [[32mCREATE VIEW (0 processed)[0m in 1.26s]
[0m01:32:07  6 of 6 START sql view model market_data.stg_1m_cleaned ......................... [RUN]
[0m01:32:07  5 of 6 START sql view model market_data.fct_liquidation_features ............... [RUN]
[0m01:32:08  6 of 6 OK created sql view model market_data.stg_1m_cleaned .................... [[32mCREATE VIEW (0 processed)[0m in 0.98s]
[0m01:32:08  5 of 6 OK created sql view model market_data.fct_liquidation_features .......... [[32mCREATE VIEW (0 processed)[0m in 1.07s]
[0m01:32:09  2 of 6 OK created sql table model market_data.fct_timesfm_features ............. [[32mCREATE TABLE (32.9k rows, 1.3 MiB processed)[0m in 3.51s]
[0m01:32:41  1 of 6 OK created sql table model market_data.fct_4h_features_tbm .............. [[32mCREATE TABLE (620.3k rows, 132.8 MiB processed)[0m in 35.19s]
[0m01:32:41  
[0m01:32:41  Finished running 2 table models, 4 view models in 0 hours 0 minutes and 36.26 seconds (36.26s).
[0m01:32:41  
[0m01:32:41  [32mCompleted successfully[0m
[0m01:32:41  
[0m01:32:41  Done. PASS=6 WARN=0 ERROR=0 SKIP=0 NO-OP=0 REUSED=0 TOTAL=6
