[32m2026-08-10 23:32:45 +0000[0m - dagster - [34mDEBUG[0m - trading_pipeline_job - 6a6f0701-0d18-4abb-82fc-20f1bbf97737 - 178056 - LOGS_CAPTURED - Capturing logs for process (pid: 178056).
[32m2026-08-10 23:32:45 +0000[0m - dagster - [34mDEBUG[0m - trading_pipeline_job - 6a6f0701-0d18-4abb-82fc-20f1bbf97737 - 178056 - hyperliquid_execution - STEP_START - Started execution of step "hyperliquid_execution".
2026-08-10 23:32:47,670 [INFO] [HYPERLIQUID] Executing Decoupled Alpha/Execution Scan Cycle with Basis Telemetry...
2026-08-10 23:32:50,027 [INFO] [HYPERLIQUID] Agent Wallet: 0xA426209CFb39A3040aE9316d25f5875584236955
2026-08-10 23:32:50,027 [INFO] [HYPERLIQUID] Master Account (Equity/Positions): 0x9703B71686219D34869e8FB89a93263f9e0d50A5
2026-08-10 23:32:50,027 [INFO] [HYPERLIQUID] Target Endpoint: TESTNET (https://api.hyperliquid-testnet.xyz)
2026-08-10 23:32:52,328 [INFO] [HYPERLIQUID] Loaded metadata for 210 Hyperliquid assets.
2026-08-10 23:32:53,534 [INFO] [HYPERLIQUID] Equity: $936.63 | Open Positions: 0 | DD Multiplier: 1.0x
2026-08-10 23:32:53,776 [INFO] [HYPERLIQUID] [GARBAGE COLLECTOR] No resting orders found on exchange.
2026-08-10 23:33:46,199 [WARNING] [HYPERLIQUID] Coin 'NMR' not supported on Hyperliquid. Skipping order.
2026-08-10 23:33:46,682 [WARNING] [HYPERLIQUID] Coin 'BAND' not supported on Hyperliquid. Skipping order.
2026-08-10 23:33:47,180 [WARNING] [HYPERLIQUID] Coin 'ICX' not supported on Hyperliquid. Skipping order.
2026-08-10 23:33:49,378 [INFO] [HYPERLIQUID] Placing Order: [SELL] CHZ | Sz: 3690.0 ($164.39) @ $0.0152
2026-08-10 23:33:50,456 [ERROR] [HYPERLIQUID] Hyperliquid Order Rejected for CHZ: Trading is halted.
2026-08-10 23:33:52,151 [INFO] [HYPERLIQUID] Placing Order: [SELL] SOL | Sz: 3.31 ($251.23) @ $76.1145
2026-08-10 23:33:53,101 [ERROR] [HYPERLIQUID] Hyperliquid Order Rejected for SOL: Price must be divisible by tick size. asset=0
2026-08-10 23:33:53,659 [WARNING] [HYPERLIQUID] Coin 'XTZ' not supported on Hyperliquid. Skipping order.
2026-08-10 23:33:54,302 [WARNING] [HYPERLIQUID] Coin '1INCH' not supported on Hyperliquid. Skipping order.
2026-08-10 23:33:54,787 [INFO] [HYPERLIQUID] Pass completed cleanly. Trades submitted: 0
[32m2026-08-10 23:33:55 +0000[0m - dagster - [34mDEBUG[0m - trading_pipeline_job - 6a6f0701-0d18-4abb-82fc-20f1bbf97737 - 178056 - hyperliquid_execution - STEP_OUTPUT - Yielded output "result" of type "Any". (Type check passed).
[32m2026-08-10 23:33:55 +0000[0m - dagster - [34mDEBUG[0m - trading_pipeline_job - 6a6f0701-0d18-4abb-82fc-20f1bbf97737 - hyperliquid_execution - Writing file at: /home/skybullet1987/quant_pipeline/.tmp_dagster_home_j7jcqg1b/storage/hyperliquid_execution using PickledObjectFilesystemIOManager...
[32m2026-08-10 23:33:55 +0000[0m - dagster - [34mDEBUG[0m - trading_pipeline_job - 6a6f0701-0d18-4abb-82fc-20f1bbf97737 - 178056 - hyperliquid_execution - ASSET_MATERIALIZATION - Materialized value hyperliquid_execution.
[32m2026-08-10 23:33:55 +0000[0m - dagster - [34mDEBUG[0m - trading_pipeline_job - 6a6f0701-0d18-4abb-82fc-20f1bbf97737 - 178056 - hyperliquid_execution - HANDLED_OUTPUT - Handled output "result" using IO manager "io_manager"
[32m2026-08-10 23:33:55 +0000[0m - dagster - [34mDEBUG[0m - trading_pipeline_job - 6a6f0701-0d18-4abb-82fc-20f1bbf97737 - 178056 - hyperliquid_execution - STEP_SUCCESS - Finished execution of step "hyperliquid_execution" in 1m9s.
