[0m23:17:18  Running with dbt=1.12.0
[0m23:17:20  Registered adapter: bigquery=1.12.0
[0m23:17:21  Found 7 models, 3 sources, 561 macros
[0m23:17:21  
[0m23:17:21  Concurrency: 4 threads (target='prod')
[0m23:17:21  
[0m23:17:22  3 of 6 START sql view model market_data.stg_densified_ohlcv .................... [RUN]
[0m23:17:22  4 of 6 START sql view model market_data.stg_ohlcv .............................. [RUN]
[0m23:17:22  2 of 6 START sql table model market_data.fct_timesfm_features .................. [RUN]
[0m23:17:22  1 of 6 START sql table model market_data.fct_4h_features_tbm ................... [RUN]
[0m23:17:23  4 of 6 OK created sql view model market_data.stg_ohlcv ......................... [[32mCREATE VIEW (0 processed)[0m in 1.39s]
[0m23:17:23  3 of 6 OK created sql view model market_data.stg_densified_ohlcv ............... [[32mCREATE VIEW (0 processed)[0m in 1.40s]
[0m23:17:23  6 of 6 START sql view model market_data.stg_1m_cleaned ......................... [RUN]
[0m23:17:23  5 of 6 START sql view model market_data.fct_liquidation_features ............... [RUN]
[0m23:17:24  5 of 6 OK created sql view model market_data.fct_liquidation_features .......... [[32mCREATE VIEW (0 processed)[0m in 1.34s]
[0m23:17:24  6 of 6 OK created sql view model market_data.stg_1m_cleaned .................... [[32mCREATE VIEW (0 processed)[0m in 1.37s]
[0m23:17:25  2 of 6 OK created sql table model market_data.fct_timesfm_features ............. [[32mCREATE TABLE (10.5k rows, 418.9 KiB processed)[0m in 3.46s]
[0m23:17:55  1 of 6 OK created sql table model market_data.fct_4h_features_tbm .............. [[32mCREATE TABLE (620.3k rows, 131.7 MiB processed)[0m in 33.22s]
[0m23:17:55  
[0m23:17:55  Finished running 2 table models, 4 view models in 0 hours 0 minutes and 34.12 seconds (34.12s).
[0m23:17:55  
[0m23:17:55  [32mCompleted successfully[0m
[0m23:17:55  
[0m23:17:55  Done. PASS=6 WARN=0 ERROR=0 SKIP=0 NO-OP=0 REUSED=0 TOTAL=6
