[32m2026-08-10 23:18:00 +0000[0m - dagster - [34mDEBUG[0m - trading_pipeline_job - 4c8bfd83-ab63-4306-8113-a4750b93fdbc - 163491 - LOGS_CAPTURED - Capturing logs for process (pid: 163491).
[32m2026-08-10 23:18:00 +0000[0m - dagster - [34mDEBUG[0m - trading_pipeline_job - 4c8bfd83-ab63-4306-8113-a4750b93fdbc - 163491 - hyperliquid_execution - STEP_START - Started execution of step "hyperliquid_execution".
2026-08-10 23:18:01,924 [INFO] [HYPERLIQUID] Executing Decoupled Alpha/Execution Scan Cycle with Basis Telemetry...
2026-08-10 23:18:04,017 [INFO] [HYPERLIQUID] Agent Wallet: 0xA426209CFb39A3040aE9316d25f5875584236955
2026-08-10 23:18:04,017 [INFO] [HYPERLIQUID] Master Account (Equity/Positions): 0x9703B71686219D34869e8FB89a93263f9e0d50A5
2026-08-10 23:18:04,017 [INFO] [HYPERLIQUID] Target Endpoint: TESTNET (https://api.hyperliquid-testnet.xyz)
2026-08-10 23:18:06,425 [INFO] [HYPERLIQUID] Loaded metadata for 210 Hyperliquid assets.
2026-08-10 23:18:07,640 [INFO] [HYPERLIQUID] Equity: $936.63 | Open Positions: 0 | DD Multiplier: 1.0x
2026-08-10 23:18:07,880 [INFO] [HYPERLIQUID] [GARBAGE COLLECTOR] No resting orders found on exchange.
2026-08-10 23:19:07,847 [INFO] [HYPERLIQUID] Placing Order: [SELL] SOL | Sz: 3.29 ($249.97) @ $76.2195
2026-08-10 23:19:08,792 [ERROR] [HYPERLIQUID] Hyperliquid Order Rejected for SOL: Price must be divisible by tick size. asset=0
2026-08-10 23:19:09,278 [WARNING] [HYPERLIQUID] Coin 'BAND' not supported on Hyperliquid. Skipping order.
2026-08-10 23:19:09,763 [WARNING] [HYPERLIQUID] Coin 'NMR' not supported on Hyperliquid. Skipping order.
2026-08-10 23:19:10,249 [WARNING] [HYPERLIQUID] Coin 'XTZ' not supported on Hyperliquid. Skipping order.
2026-08-10 23:19:10,733 [WARNING] [HYPERLIQUID] Coin '1INCH' not supported on Hyperliquid. Skipping order.
2026-08-10 23:19:11,441 [WARNING] [HYPERLIQUID] Coin 'ICX' not supported on Hyperliquid. Skipping order.
2026-08-10 23:19:14,021 [INFO] [HYPERLIQUID] Placing Order: [SELL] CHZ | Sz: 3690.0 ($164.39) @ $0.0152
2026-08-10 23:19:14,892 [ERROR] [HYPERLIQUID] Hyperliquid Order Rejected for CHZ: Trading is halted.
2026-08-10 23:19:14,893 [INFO] [HYPERLIQUID] Pass completed cleanly. Trades submitted: 0
[32m2026-08-10 23:19:15 +0000[0m - dagster - [34mDEBUG[0m - trading_pipeline_job - 4c8bfd83-ab63-4306-8113-a4750b93fdbc - 163491 - hyperliquid_execution - STEP_OUTPUT - Yielded output "result" of type "Any". (Type check passed).
[32m2026-08-10 23:19:15 +0000[0m - dagster - [34mDEBUG[0m - trading_pipeline_job - 4c8bfd83-ab63-4306-8113-a4750b93fdbc - hyperliquid_execution - Writing file at: /home/skybullet1987/quant_pipeline/.tmp_dagster_home_j7jcqg1b/storage/hyperliquid_execution using PickledObjectFilesystemIOManager...
[32m2026-08-10 23:19:15 +0000[0m - dagster - [34mDEBUG[0m - trading_pipeline_job - 4c8bfd83-ab63-4306-8113-a4750b93fdbc - 163491 - hyperliquid_execution - ASSET_MATERIALIZATION - Materialized value hyperliquid_execution.
[32m2026-08-10 23:19:15 +0000[0m - dagster - [34mDEBUG[0m - trading_pipeline_job - 4c8bfd83-ab63-4306-8113-a4750b93fdbc - 163491 - hyperliquid_execution - HANDLED_OUTPUT - Handled output "result" using IO manager "io_manager"
[32m2026-08-10 23:19:15 +0000[0m - dagster - [34mDEBUG[0m - trading_pipeline_job - 4c8bfd83-ab63-4306-8113-a4750b93fdbc - 163491 - hyperliquid_execution - STEP_SUCCESS - Finished execution of step "hyperliquid_execution" in 1m15s.
