[0m00:32:20  Running with dbt=1.12.0
[0m00:32:21  Registered adapter: bigquery=1.12.0
[0m00:32:22  Found 7 models, 3 sources, 561 macros
[0m00:32:22  
[0m00:32:22  Concurrency: 4 threads (target='prod')
[0m00:32:22  
[0m00:32:23  3 of 6 START sql view model market_data.stg_densified_ohlcv .................... [RUN]
[0m00:32:23  4 of 6 START sql view model market_data.stg_ohlcv .............................. [RUN]
[0m00:32:23  1 of 6 START sql table model market_data.fct_4h_features_tbm ................... [RUN]
[0m00:32:23  2 of 6 START sql table model market_data.fct_timesfm_features .................. [RUN]
[0m00:32:25  3 of 6 OK created sql view model market_data.stg_densified_ohlcv ............... [[32mCREATE VIEW (0 processed)[0m in 1.80s]
[0m00:32:25  4 of 6 OK created sql view model market_data.stg_ohlcv ......................... [[32mCREATE VIEW (0 processed)[0m in 1.81s]
[0m00:32:25  6 of 6 START sql view model market_data.stg_1m_cleaned ......................... [RUN]
[0m00:32:25  5 of 6 START sql view model market_data.fct_liquidation_features ............... [RUN]
[0m00:32:26  6 of 6 OK created sql view model market_data.stg_1m_cleaned .................... [[32mCREATE VIEW (0 processed)[0m in 1.05s]
[0m00:32:26  5 of 6 OK created sql view model market_data.fct_liquidation_features .......... [[32mCREATE VIEW (0 processed)[0m in 1.10s]
[0m00:32:27  2 of 6 OK created sql table model market_data.fct_timesfm_features ............. [[32mCREATE TABLE (22.9k rows, 913.7 KiB processed)[0m in 3.99s]
[0m00:32:53  1 of 6 OK created sql table model market_data.fct_4h_features_tbm .............. [[32mCREATE TABLE (620.3k rows, 132.3 MiB processed)[0m in 30.11s]
[0m00:32:53  
[0m00:32:53  Finished running 2 table models, 4 view models in 0 hours 0 minutes and 31.25 seconds (31.25s).
[0m00:32:53  
[0m00:32:53  [32mCompleted successfully[0m
[0m00:32:53  
[0m00:32:53  Done. PASS=6 WARN=0 ERROR=0 SKIP=0 NO-OP=0 REUSED=0 TOTAL=6
